[gogame.volkovdesign.com/index.html]
[gogame.volkovdesign.com/css/bootstrap-reboot.min.css]
[gogame.volkovdesign.com/css/bootstrap-grid.min.css]
[gogame.volkovdesign.com/css/owl.carousel.min.css]
[gogame.volkovdesign.com/css/magnific-popup.css]
[gogame.volkovdesign.com/css/nouislider.min.css]
[gogame.volkovdesign.com/css/jquery.mCustomScrollbar.min.css]
[gogame.volkovdesign.com/css/paymentfont.min.css]
[gogame.volkovdesign.com/css/main.css]
[gogame.volkovdesign.com/icon/favicon-32x32.png]
[backblue.gif]
[fade.gif]
[index.html]
[gogame.volkovdesign.com/index-2.html]
[gogame.volkovdesign.com/img/logo.svg]
[gogame.volkovdesign.com/index2.html]
[gogame.volkovdesign.com/catalog.html]
[gogame.volkovdesign.com/catalog2.html]
[gogame.volkovdesign.com/category.html]
[gogame.volkovdesign.com/details.html]
[gogame.volkovdesign.com/details2.html]
[gogame.volkovdesign.com/news.html]
[gogame.volkovdesign.com/news2.html]
[gogame.volkovdesign.com/article.html]
[gogame.volkovdesign.com/interview.html]
[gogame.volkovdesign.com/faq.html]
[gogame.volkovdesign.com/checkout.html]
[gogame.volkovdesign.com/favorites.html]
[gogame.volkovdesign.com/about.html]
[gogame.volkovdesign.com/profile.html]
[gogame.volkovdesign.com/signin.html]
[gogame.volkovdesign.com/signup.html]
[gogame.volkovdesign.com/forgot.html]
[gogame.volkovdesign.com/privacy.html]
[gogame.volkovdesign.com/contacts.html]
[gogame.volkovdesign.com/404.html]
[gogame.volkovdesign.com/img/flags/uk.svg]
[gogame.volkovdesign.com/img/bg.jpg]
[gogame.volkovdesign.com/img/cards/4.jpg]
[gogame.volkovdesign.com/img/cards/2.jpg]
[gogame.volkovdesign.com/img/cards/9.jpg]
[gogame.volkovdesign.com/img/cards/5.jpg]
[gogame.volkovdesign.com/img/cards/7.jpg]
[gogame.volkovdesign.com/img/cards/1.jpg]
[gogame.volkovdesign.com/img/cards/8.jpg]
[gogame.volkovdesign.com/img/cards/3.jpg]
[gogame.volkovdesign.com/img/cards/6.jpg]
[gogame.volkovdesign.com/img/posts/2.jpg]
[gogame.volkovdesign.com/img/posts/1.jpg]
[gogame.volkovdesign.com/img/posts/3.jpg]
[gogame.volkovdesign.com/img/posts/4.jpg]
[gogame.volkovdesign.com/img/posts/5.jpg]
[gogame.volkovdesign.com/img/partners/3docean-light-background.png]
[gogame.volkovdesign.com/img/partners/activeden-light-background.png]
[gogame.volkovdesign.com/img/partners/audiojungle-light-background.png]
[gogame.volkovdesign.com/img/partners/codecanyon-light-background.png]
[gogame.volkovdesign.com/img/partners/photodune-light-background.png]
[gogame.volkovdesign.com/img/partners/themeforest-light-background.png]
[gogame.volkovdesign.com/js/jquery-3.5.1.min.js]
[gogame.volkovdesign.com/js/bootstrap.bundle.min.js]
[gogame.volkovdesign.com/js/owl.carousel.min.js]
[gogame.volkovdesign.com/js/jquery.magnific-popup.min.js]
[gogame.volkovdesign.com/js/wNumb.js]
[gogame.volkovdesign.com/js/nouislider.min.js]
[gogame.volkovdesign.com/js/jquery.mousewheel.min.js]
[gogame.volkovdesign.com/js/jquery.mCustomScrollbar.min.js]
[gogame.volkovdesign.com/index.html]
[gogame.volkovdesign.com/css/bootstrap-reboot.min.css]
[gogame.volkovdesign.com/css/bootstrap-grid.min.css]
[gogame.volkovdesign.com/js/main.js]
[gogame.volkovdesign.com/css/owl.carousel.min.css]
[gogame.volkovdesign.com/css/magnific-popup.css]
[gogame.volkovdesign.com/css/nouislider.min.css]
[gogame.volkovdesign.com/css/jquery.mCustomScrollbar.min.css]
[gogame.volkovdesign.com/fonts/paymentfont-webfont.eot]
[gogame.volkovdesign.com/fonts/paymentfont-webfontd41d.eot]
[gogame.volkovdesign.com/fonts/paymentfont-webfont.woff]
[gogame.volkovdesign.com/fonts/paymentfont-webfont.ttf]
[gogame.volkovdesign.com/css/paymentfont.min.css]
[gogame.volkovdesign.com/fonts/paymentfont-webfont.svg]
[gogame.volkovdesign.com/css/main.css]
[gogame.volkovdesign.com/index-2.html]
[gogame.volkovdesign.com/img/logo.svg]
[gogame.volkovdesign.com/index2.html]
[gogame.volkovdesign.com/catalog.html]
[gogame.volkovdesign.com/catalog2.html]
[gogame.volkovdesign.com/category.html]
[gogame.volkovdesign.com/img/details/1-1.jpg]
[gogame.volkovdesign.com/img/details/1.jpg]
[gogame.volkovdesign.com/img/details/2-2.jpg]
[gogame.volkovdesign.com/img/details/2.jpg]
[gogame.volkovdesign.com/img/details/3-3.jpg]
[gogame.volkovdesign.com/img/details/3.jpg]
[gogame.volkovdesign.com/img/details/4-4.jpg]
[gogame.volkovdesign.com/img/details/4.jpg]
[gogame.volkovdesign.com/img/details/5-5.jpg]
[gogame.volkovdesign.com/img/details/5.jpg]
[gogame.volkovdesign.com/img/details/6-6.jpg]
[gogame.volkovdesign.com/img/details/6.jpg]
[gogame.volkovdesign.com/details.html]
[gogame.volkovdesign.com/details2.html]
[gogame.volkovdesign.com/img/posts/7.jpg]
[gogame.volkovdesign.com/img/posts/6.jpg]
[gogame.volkovdesign.com/img/posts/8.jpg]
[gogame.volkovdesign.com/img/posts/9.jpg]
[gogame.volkovdesign.com/news.html]
[gogame.volkovdesign.com/news2.html]
[gogame.volkovdesign.com/img/posts/article.jpg]
[gogame.volkovdesign.com/article.html]
[gogame.volkovdesign.com/interview.html]
[gogame.volkovdesign.com/faq.html]
[gogame.volkovdesign.com/checkout.html]
[gogame.volkovdesign.com/favorites.html]
[gogame.volkovdesign.com/img/posts/about.jpg]
[gogame.volkovdesign.com/about.html]
[gogame.volkovdesign.com/profile.html]
[gogame.volkovdesign.com/img/bg2.jpg]
[gogame.volkovdesign.com/signin.html]
[gogame.volkovdesign.com/signup.html]
[gogame.volkovdesign.com/forgot.html]
[gogame.volkovdesign.com/privacy.html]
[gogame.volkovdesign.com/contacts.html]
[gogame.volkovdesign.com/404.html]
[gogame.volkovdesign.com/img/flags/uk.svg]
[gogame.volkovdesign.com/img/flags/spain.svg]
[gogame.volkovdesign.com/img/flags/russia.svg]
[gogame.volkovdesign.com/img/flags/china.svg]
[gogame.volkovdesign.com/css/owl.video.play.html]
[gogame.volkovdesign.com/css/mCSB_buttons.html]
[gogame.volkovdesign.com/fonts/paymentfont-webfont.svg]
[gogame.volkovdesign.com/img/arrow3.svg]
[gogame.volkovdesign.com/img/arrow.svg]
[gogame.volkovdesign.com/img/arrow2.svg]
[gogame.volkovdesign.com/img/home.svg]
[gogame.volkovdesign.com/img/breadcrumb.svg]
[gogame.volkovdesign.com/img/checkmark.svg]
[gogame.volkovdesign.com/img/document.svg]
[gogame.volkovdesign.com/img/user.svg]
